[templates.iqonic.design/streamit-dist/frontend/html/index.html]
[backblue.gif]
[fade.gif]
[index.html]
[templates.iqonic.design/streamit-dist/frontend/html/assets/images/favicon.ico]
[templates.iqonic.design/streamit-dist/frontend/html/assets/css/core/libs.min.css]
[templates.iqonic.design/streamit-dist/frontend/html/assets/vendor/font-awesome/css/all.min.css]
[templates.iqonic.design/streamit-dist/frontend/html/assets/vendor/iconly/css/style.css]
[templates.iqonic.design/streamit-dist/frontend/html/assets/vendor/animate.min.css]
[templates.iqonic.design/streamit-dist/frontend/html/assets/vendor/swiperSlider/swiper.min.css]
[templates.iqonic.design/streamit-dist/frontend/html/assets/css/streamit.min848f.css]
[templates.iqonic.design/streamit-dist/frontend/html/assets/css/custom.min848f.css]
[templates.iqonic.design/streamit-dist/frontend/html/assets/css/rtl.min848f.css]
[templates.iqonic.design/streamit-dist/frontend/html/assets/images/loader.gif]
[templates.iqonic.design/streamit-dist/frontend/html/home.html]
[templates.iqonic.design/streamit-dist/frontend/html/movie.html]
[templates.iqonic.design/streamit-dist/frontend/html/tv-show.html]
[templates.iqonic.design/streamit-dist/frontend/html/video.html]
[templates.iqonic.design/streamit-dist/frontend/html/merchandise-store.html]
[templates.iqonic.design/streamit-dist/frontend/html/restricted-content.html]
[templates.iqonic.design/streamit-dist/frontend/html/related-merchandise.html]
[templates.iqonic.design/streamit-dist/frontend/html/playlist.html]
[templates.iqonic.design/streamit-dist/frontend/html/geners.html]
[templates.iqonic.design/streamit-dist/frontend/html/cast.html]
[templates.iqonic.design/streamit-dist/frontend/html/tags.html]
[templates.iqonic.design/streamit-dist/frontend/html/contact-us.html]
[templates.iqonic.design/streamit-dist/frontend/html/about-us.html]
[templates.iqonic.design/streamit-dist/frontend/html/faq.html]
[templates.iqonic.design/streamit-dist/frontend/html/privacy-policy.html]
[templates.iqonic.design/streamit-dist/frontend/html/pricing-plan.html]
[templates.iqonic.design/streamit-dist/frontend/html/coming-soon.html]
[templates.iqonic.design/streamit-dist/frontend/html/error-page-one.html]
[templates.iqonic.design/streamit-dist/frontend/html/error-page-two.html]
[templates.iqonic.design/streamit-dist/frontend/html/blog/blog-listing.html]
[templates.iqonic.design/streamit-dist/frontend/html/blog/one-column.html]
[templates.iqonic.design/streamit-dist/frontend/html/blog/two-column.html]
[templates.iqonic.design/streamit-dist/frontend/html/blog/three-column.html]
[templates.iqonic.design/streamit-dist/frontend/html/blog/four-column.html]
[templates.iqonic.design/streamit-dist/frontend/html/blog/left-sidebar.html]
[templates.iqonic.design/streamit-dist/frontend/html/blog/right-sidebar.html]
[templates.iqonic.design/streamit-dist/frontend/html/blog/blog-template.html]
[templates.iqonic.design/streamit-dist/frontend/html/blog/blog-detail.html]
[templates.iqonic.design/streamit-dist/frontend/html/blog/blog-audio.html]
[templates.iqonic.design/streamit-dist/frontend/html/blog/blog-video.html]
[templates.iqonic.design/streamit-dist/frontend/html/blog/blog-link.html]
[templates.iqonic.design/streamit-dist/frontend/html/blog/blog-quote.html]
[templates.iqonic.design/streamit-dist/frontend/html/blog/blog-gallery.html]
[templates.iqonic.design/streamit-dist/frontend/html/shop/shop.html]
[templates.iqonic.design/streamit-dist/frontend/html/shop/my-account.html]
[templates.iqonic.design/streamit-dist/frontend/html/shop/cart.html]
[templates.iqonic.design/streamit-dist/frontend/html/shop/wishlist.html]
[templates.iqonic.design/streamit-dist/frontend/html/shop/checkout.html]
[templates.iqonic.design/streamit-dist/frontend/html/shop/order-tracking.html]
[templates.iqonic.design/streamit-dist/frontend/html/login.html]
[templates.iqonic.design/streamit-dist/frontend/html/view-all-movie.html]
[templates.iqonic.design/streamit-dist/frontend/html/person-detail.html]
[templates.iqonic.design/streamit-dist/frontend/html/movie-detail.html]
[templates.iqonic.design/streamit-dist/frontend/html/tv-show-detail.html]
[templates.iqonic.design/streamit-dist/frontend/html/video-detail.html]
[templates.iqonic.design/streamit-dist/frontend/html/all-personality.html]
[templates.iqonic.design/streamit-dist/frontend/html/all-geners.html]
[templates.iqonic.design/streamit-dist/frontend/html/terms-of-use.html]
[templates.iqonic.design/streamit-dist/frontend/html/assets/js/core/libs.min.js]
[templates.iqonic.design/streamit-dist/frontend/html/assets/vendor/swiperSlider/swiper.min.js]
[templates.iqonic.design/streamit-dist/frontend/html/assets/vendor/lodash/lodash.min.js]
[templates.iqonic.design/streamit-dist/frontend/html/assets/js/core/external.min.js]
[templates.iqonic.design/streamit-dist/frontend/html/assets/js/plugins/countdown.js]
[templates.iqonic.design/streamit-dist/frontend/html/assets/js/utility.js]
[templates.iqonic.design/streamit-dist/frontend/html/assets/js/setting.js]
[templates.iqonic.design/streamit-dist/frontend/html/assets/js/setting-init.js]
[templates.iqonic.design/streamit-dist/frontend/html/assets/js/streamit.js]
[templates.iqonic.design/streamit-dist/frontend/html/index.html]
[templates.iqonic.design/streamit-dist/frontend/html/assets/js/swiper.js]
[templates.iqonic.design/streamit-dist/frontend/html/assets/css/core/libs.min.css]
[templates.iqonic.design/streamit-dist/frontend/html/assets/vendor/font-awesome/webfonts/fa-brands-400.woff2]
[templates.iqonic.design/streamit-dist/frontend/html/assets/vendor/font-awesome/webfonts/fa-brands-400.ttf]
[templates.iqonic.design/streamit-dist/frontend/html/assets/vendor/font-awesome/webfonts/fa-regular-400.woff2]
[templates.iqonic.design/streamit-dist/frontend/html/assets/vendor/font-awesome/webfonts/fa-regular-400.ttf]
[templates.iqonic.design/streamit-dist/frontend/html/assets/vendor/font-awesome/webfonts/fa-solid-900.woff2]
[templates.iqonic.design/streamit-dist/frontend/html/assets/vendor/font-awesome/webfonts/fa-solid-900.ttf]
[templates.iqonic.design/streamit-dist/frontend/html/assets/vendor/font-awesome/webfonts/fa-v4compatibility.woff2]
[templates.iqonic.design/streamit-dist/frontend/html/assets/vendor/font-awesome/webfonts/fa-v4compatibility.ttf]
[templates.iqonic.design/streamit-dist/frontend/html/assets/vendor/font-awesome/css/all.min.css]
[templates.iqonic.design/streamit-dist/frontend/html/assets/vendor/iconly/fonts/Iconly-light.eot]
[templates.iqonic.design/streamit-dist/frontend/html/assets/vendor/iconly/fonts/Iconly-light.woff]
[templates.iqonic.design/streamit-dist/frontend/html/assets/vendor/iconly/fonts/Iconly-light.ttf]
[templates.iqonic.design/streamit-dist/frontend/html/assets/vendor/iconly/fonts/Iconly-Broken.eot]
[templates.iqonic.design/streamit-dist/frontend/html/assets/vendor/iconly/fonts/Iconly-Broken.woff]
[templates.iqonic.design/streamit-dist/frontend/html/assets/vendor/iconly/fonts/Iconly-Broken.ttf]
[templates.iqonic.design/streamit-dist/frontend/html/assets/vendor/iconly/fonts/Iconly-Bold.eot]
[templates.iqonic.design/streamit-dist/frontend/html/assets/vendor/iconly/fonts/Iconly-Bold.woff]
[templates.iqonic.design/streamit-dist/frontend/html/assets/vendor/iconly/fonts/Iconly-Bold.ttf]
[templates.iqonic.design/streamit-dist/frontend/html/assets/vendor/iconly/fonts/Iconly-bulk.eot]
[templates.iqonic.design/streamit-dist/frontend/html/assets/vendor/iconly/fonts/Iconly-bulk.woff]
[templates.iqonic.design/streamit-dist/frontend/html/assets/vendor/iconly/fonts/Iconly-bulk.ttf]
[templates.iqonic.design/streamit-dist/frontend/html/assets/vendor/iconly/fonts/iconly.eot]
[templates.iqonic.design/streamit-dist/frontend/html/assets/vendor/iconly/fonts/iconly.woff]
[templates.iqonic.design/streamit-dist/frontend/html/assets/vendor/iconly/fonts/iconly.ttf]
[templates.iqonic.design/streamit-dist/frontend/html/assets/vendor/iconly/css/style.css]
[templates.iqonic.design/streamit-dist/frontend/html/assets/vendor/animate.min.css]
[templates.iqonic.design/streamit-dist/frontend/html/assets/vendor/swiperSlider/swiper.min.css]
[templates.iqonic.design/streamit-dist/frontend/html/assets/css/streamit.min848f.css]
[templates.iqonic.design/streamit-dist/frontend/html/assets/css/custom.min848f.css]
[templates.iqonic.design/streamit-dist/frontend/html/assets/css/rtl.min848f.css]
[templates.iqonic.design/streamit-dist/frontend/html/assets/images/logo.html]
[templates.iqonic.design/streamit-dist/frontend/html/assets/images/logo-hotstar.html]
[templates.iqonic.design/streamit-dist/frontend/html/assets/images/logo-prime.html]
[templates.iqonic.design/streamit-dist/frontend/html/assets/images/logo-hulu.html]
[templates.iqonic.design/streamit-dist/frontend/html/assets/images/mega-menu/new-home.html]
[templates.iqonic.design/streamit-dist/frontend/html/assets/images/video/trailer.mp4]
[templates.iqonic.design/streamit-dist/frontend/html/episode.html]
[templates.iqonic.design/streamit-dist/frontend/html/assets/js/plugins/select2.js]
[templates.iqonic.design/streamit-dist/frontend/html/home.html]
[templates.iqonic.design/streamit-dist/frontend/html/assets/images/mega-menu/home.html]
[templates.iqonic.design/streamit-dist/frontend/html/movie.html]
[templates.iqonic.design/streamit-dist/frontend/html/assets/images/mega-menu/movie.html]
[templates.iqonic.design/streamit-dist/frontend/html/assets/js/plugins/fslightbox.js]
[templates.iqonic.design/streamit-dist/frontend/html/tv-show.html]
[templates.iqonic.design/streamit-dist/frontend/html/assets/images/mega-menu/tv-show.html]
[templates.iqonic.design/streamit-dist/frontend/html/video.html]
[templates.iqonic.design/streamit-dist/frontend/html/assets/images/mega-menu/video.html]
[templates.iqonic.design/streamit-dist/frontend/html/assets/vendor/sweetalert2/sweetalert2.min.css]
[templates.iqonic.design/streamit-dist/frontend/html/shop/product-detail.html]
[templates.iqonic.design/streamit-dist/frontend/html/shop/view-all-product.html]
[templates.iqonic.design/streamit-dist/frontend/html/assets/vendor/sweetalert2/sweetalert2.min.js]
[templates.iqonic.design/streamit-dist/frontend/html/assets/js/plugins/sweet-alert.js]
[templates.iqonic.design/streamit-dist/frontend/html/merchandise-store.html]
[templates.iqonic.design/streamit-dist/frontend/html/assets/images/mega-menu/shop-home.html]
[templates.iqonic.design/streamit-dist/frontend/html/assets/vendor/video/video-js.css]
[templates.iqonic.design/streamit-dist/frontend/html/restricted-content.html]
[templates.iqonic.design/streamit-dist/frontend/html/assets/vendor/videojs-youtube-master/youtube.js]
[templates.iqonic.design/streamit-dist/frontend/html/assets/vendor/video/video.min.js]
[templates.iqonic.design/streamit-dist/frontend/html/assets/images/video/sample-video.mp4]
[templates.iqonic.design/streamit-dist/frontend/html/related-merchandise.html]
[templates.iqonic.design/streamit-dist/frontend/html/watchlist-detail.html]
[templates.iqonic.design/streamit-dist/frontend/html/playlist.html]
[templates.iqonic.design/streamit-dist/frontend/html/geners.html]
[templates.iqonic.design/streamit-dist/frontend/html/cast.html]
[templates.iqonic.design/streamit-dist/frontend/html/tags.html]
[templates.iqonic.design/streamit-dist/frontend/html/about-us.html]
[templates.iqonic.design/streamit-dist/frontend/html/contact-us.html]
[templates.iqonic.design/streamit-dist/frontend/html/faq.html]
[templates.iqonic.design/streamit-dist/frontend/html/privacy-policy.html]
[templates.iqonic.design/streamit-dist/frontend/html/pricing-plan.html]
[templates.iqonic.design/streamit-dist/frontend/html/coming-soon.html]
[templates.iqonic.design/streamit-dist/frontend/html/error-page-one.html]
[templates.iqonic.design/streamit-dist/frontend/html/error-page-two.html]
[templates.iqonic.design/streamit-dist/frontend/html/blog/blog-date.html]
[templates.iqonic.design/streamit-dist/frontend/html/blog/blog-tag.html]
[templates.iqonic.design/streamit-dist/frontend/html/blog/blog-category.html]
[templates.iqonic.design/streamit-dist/frontend/html/blog/blog-listing.html]
[templates.iqonic.design/streamit-dist/frontend/html/blog/one-column.html]
[templates.iqonic.design/streamit-dist/frontend/html/blog/two-column.html]
[templates.iqonic.design/streamit-dist/frontend/html/blog/three-column.html]
[templates.iqonic.design/streamit-dist/frontend/html/blog/four-column.html]
[templates.iqonic.design/streamit-dist/frontend/html/blog/left-sidebar.html]
[templates.iqonic.design/streamit-dist/frontend/html/blog/right-sidebar.html]
[templates.iqonic.design/streamit-dist/frontend/html/blog/blog-author.html]
[templates.iqonic.design/streamit-dist/frontend/html/blog/blog-template.html]
[templates.iqonic.design/streamit-dist/frontend/html/blog/blog-detail.html]
[templates.iqonic.design/streamit-dist/frontend/html/blog/blog-audio.html]
[templates.iqonic.design/streamit-dist/frontend/html/blog/blog-video.html]
[templates.iqonic.design/streamit-dist/frontend/html/blog/blog-link.html]
[templates.iqonic.design/streamit-dist/frontend/html/blog/blog-quote.html]
[templates.iqonic.design/streamit-dist/frontend/html/blog/blog-gallery.html]
[templates.iqonic.design/streamit-dist/frontend/html/assets/vendor/noUiSilder/style/nouislider.min.css]
[templates.iqonic.design/streamit-dist/frontend/html/assets/vendor/noUiSilder/script/nouislider.min.js]
[templates.iqonic.design/streamit-dist/frontend/html/assets/js/plugins/nouslider.js]
[templates.iqonic.design/streamit-dist/frontend/html/shop/shop.html]
[templates.iqonic.design/streamit-dist/frontend/html/shop/my-account.html]
[templates.iqonic.design/streamit-dist/frontend/html/shop/cart.html]
[templates.iqonic.design/streamit-dist/frontend/html/shop/wishlist.html]
[templates.iqonic.design/streamit-dist/frontend/html/shop/checkout.html]
[templates.iqonic.design/streamit-dist/frontend/html/shop/order-tracking.html]
[templates.iqonic.design/streamit-dist/frontend/html/assets/images/user/user1.html]
[templates.iqonic.design/streamit-dist/frontend/html/reset-password.html]
[templates.iqonic.design/streamit-dist/frontend/html/login.html]
[templates.iqonic.design/streamit-dist/frontend/html/assets/images/movies/ott1.html]
[templates.iqonic.design/streamit-dist/frontend/html/assets/images/movies/ott2.html]
[templates.iqonic.design/streamit-dist/frontend/html/assets/images/movies/ott3.html]
[templates.iqonic.design/streamit-dist/frontend/html/register.html]
[templates.iqonic.design/streamit-dist/frontend/html/view-all-movie.html]
[templates.iqonic.design/streamit-dist/frontend/html/assets/images/movies/imdb-logo.svg]
[templates.iqonic.design/streamit-dist/frontend/html/person-detail.html]
[templates.iqonic.design/streamit-dist/frontend/html/movie-detail.html]
[templates.iqonic.design/streamit-dist/frontend/html/assets/images/continue-watch/01.html]
[templates.iqonic.design/streamit-dist/frontend/html/assets/images/continue-watch/02.html]
[templates.iqonic.design/streamit-dist/frontend/html/assets/images/continue-watch/03.html]
[templates.iqonic.design/streamit-dist/frontend/html/assets/images/continue-watch/04.html]
[templates.iqonic.design/streamit-dist/frontend/html/assets/images/continue-watch/05.html]
[templates.iqonic.design/streamit-dist/frontend/html/assets/images/continue-watch/06.html]
[templates.iqonic.design/streamit-dist/frontend/html/assets/images/top-ten-number/01.html]
[templates.iqonic.design/streamit-dist/frontend/html/assets/images/top-ten-number/02.html]
[templates.iqonic.design/streamit-dist/frontend/html/assets/images/top-ten-number/03.html]
[templates.iqonic.design/streamit-dist/frontend/html/assets/images/top-ten-number/04.html]
[templates.iqonic.design/streamit-dist/frontend/html/assets/images/top-ten-number/05.html]
[templates.iqonic.design/streamit-dist/frontend/html/assets/images/top-ten-number/06.html]
[templates.iqonic.design/streamit-dist/frontend/html/assets/images/top-ten-number/07.html]
[templates.iqonic.design/streamit-dist/frontend/html/assets/images/top-ten-number/08.html]
[templates.iqonic.design/streamit-dist/frontend/html/assets/images/top-ten-number/09.html]
[templates.iqonic.design/streamit-dist/frontend/html/assets/images/top-ten-number/10.html]
[templates.iqonic.design/streamit-dist/frontend/html/assets/images/movies/related/01.html]
[templates.iqonic.design/streamit-dist/frontend/html/assets/images/movies/related/02.html]
[templates.iqonic.design/streamit-dist/frontend/html/assets/images/movies/related/03.html]
[templates.iqonic.design/streamit-dist/frontend/html/assets/images/movies/related/04.html]
[templates.iqonic.design/streamit-dist/frontend/html/assets/images/movies/related/05.html]
[templates.iqonic.design/streamit-dist/frontend/html/assets/images/movies/related/06.html]
[templates.iqonic.design/streamit-dist/frontend/html/assets/images/movies/related/07.html]
[templates.iqonic.design/streamit-dist/frontend/html/assets/images/top-10/01.html]
[templates.iqonic.design/streamit-dist/frontend/html/tv-show-detail.html]
[templates.iqonic.design/streamit-dist/frontend/html/assets/images/top-10/02.html]
[templates.iqonic.design/streamit-dist/frontend/html/assets/images/top-10/03.html]
[templates.iqonic.design/streamit-dist/frontend/html/assets/images/top-10/04.html]
[templates.iqonic.design/streamit-dist/frontend/html/assets/images/top-10/05.html]
[templates.iqonic.design/streamit-dist/frontend/html/video-detail.html]
[templates.iqonic.design/streamit-dist/frontend/html/all-personality.html]
[templates.iqonic.design/streamit-dist/frontend/html/assets/images/cast/01.html]
[templates.iqonic.design/streamit-dist/frontend/html/cast-category.html]
[templates.iqonic.design/streamit-dist/frontend/html/assets/images/cast/02.html]
[templates.iqonic.design/streamit-dist/frontend/html/assets/images/cast/03.html]
[templates.iqonic.design/streamit-dist/frontend/html/assets/images/cast/04.html]
[templates.iqonic.design/streamit-dist/frontend/html/assets/images/cast/05.html]
[templates.iqonic.design/streamit-dist/frontend/html/assets/images/cast/06.html]
[templates.iqonic.design/streamit-dist/frontend/html/assets/images/cast/07.html]
[templates.iqonic.design/streamit-dist/frontend/html/assets/images/cast/08.html]
[templates.iqonic.design/streamit-dist/frontend/html/assets/images/cast/09.html]
[templates.iqonic.design/streamit-dist/frontend/html/assets/images/cast/10.html]
[templates.iqonic.design/streamit-dist/frontend/html/assets/images/cast/11.html]
[templates.iqonic.design/streamit-dist/frontend/html/assets/images/cast/12.html]
[templates.iqonic.design/streamit-dist/frontend/html/assets/images/movies/popular/01.html]
[templates.iqonic.design/streamit-dist/frontend/html/assets/images/movies/popular/02.html]
[templates.iqonic.design/streamit-dist/frontend/html/assets/images/movies/popular/03.html]
[templates.iqonic.design/streamit-dist/frontend/html/assets/images/movies/popular/04.html]
[templates.iqonic.design/streamit-dist/frontend/html/assets/images/movies/popular/05.html]
[templates.iqonic.design/streamit-dist/frontend/html/assets/images/movies/popular/06.html]
[templates.iqonic.design/streamit-dist/frontend/html/assets/images/movies/popular/07.html]
[templates.iqonic.design/streamit-dist/frontend/html/assets/images/tab-slider/01.html]
[templates.iqonic.design/streamit-dist/frontend/html/javascriptvoid(0);.html]
[templates.iqonic.design/streamit-dist/frontend/html/assets/images/movies/trending-label.html]
[templates.iqonic.design/streamit-dist/frontend/html/assets/images/tv-show/season/01.html]
[templates.iqonic.design/streamit-dist/frontend/html/assets/images/tv-show/season/02.html]
[templates.iqonic.design/streamit-dist/frontend/html/assets/images/tv-show/season/03.html]
[templates.iqonic.design/streamit-dist/frontend/html/assets/images/tv-show/season/04.html]
[templates.iqonic.design/streamit-dist/frontend/html/assets/images/tv-show/season/05.html]
[templates.iqonic.design/streamit-dist/frontend/html/assets/images/tv-show/season/06.html]
[templates.iqonic.design/streamit-dist/frontend/html/assets/images/tv-show/season/07.html]
[templates.iqonic.design/streamit-dist/frontend/html/assets/images/tv-show/season/08.html]
[templates.iqonic.design/streamit-dist/frontend/html/assets/images/tv-show/season/09.html]
[templates.iqonic.design/streamit-dist/frontend/html/assets/images/tv-show/season/10.html]
[templates.iqonic.design/streamit-dist/frontend/html/assets/images/tv-show/season/11.html]
[templates.iqonic.design/streamit-dist/frontend/html/assets/images/tv-show/season/12.html]
[templates.iqonic.design/streamit-dist/frontend/html/assets/images/tab-slider/02.html]
[templates.iqonic.design/streamit-dist/frontend/html/assets/images/tv-show/season/13.html]
[templates.iqonic.design/streamit-dist/frontend/html/assets/images/tv-show/season/14.html]
[templates.iqonic.design/streamit-dist/frontend/html/assets/images/tv-show/season/15.html]
[templates.iqonic.design/streamit-dist/frontend/html/assets/images/tv-show/season/16.html]
[templates.iqonic.design/streamit-dist/frontend/html/assets/images/tv-show/season/17.html]
[templates.iqonic.design/streamit-dist/frontend/html/assets/images/tv-show/season/18.html]
[templates.iqonic.design/streamit-dist/frontend/html/assets/images/tv-show/season/19.html]
[templates.iqonic.design/streamit-dist/frontend/html/assets/images/tv-show/season/20.html]
[templates.iqonic.design/streamit-dist/frontend/html/assets/images/tv-show/season/21.html]
[templates.iqonic.design/streamit-dist/frontend/html/assets/images/tv-show/season/22.html]
[templates.iqonic.design/streamit-dist/frontend/html/assets/images/tv-show/season/23.html]
[templates.iqonic.design/streamit-dist/frontend/html/assets/images/tv-show/season/24.html]
[templates.iqonic.design/streamit-dist/frontend/html/assets/images/tab-slider/03.html]
[templates.iqonic.design/streamit-dist/frontend/html/assets/images/tv-show/season/25.html]
[templates.iqonic.design/streamit-dist/frontend/html/assets/images/tv-show/season/26.html]
[templates.iqonic.design/streamit-dist/frontend/html/assets/images/tv-show/season/27.html]
[templates.iqonic.design/streamit-dist/frontend/html/assets/images/tv-show/season/28.html]
[templates.iqonic.design/streamit-dist/frontend/html/assets/images/tv-show/season/29.html]
[templates.iqonic.design/streamit-dist/frontend/html/assets/images/tv-show/season/30.html]
[templates.iqonic.design/streamit-dist/frontend/html/assets/images/tv-show/season/31.html]
[templates.iqonic.design/streamit-dist/frontend/html/assets/images/tv-show/season/32.html]
[templates.iqonic.design/streamit-dist/frontend/html/assets/images/tv-show/season/33.html]
[templates.iqonic.design/streamit-dist/frontend/html/assets/images/tv-show/season/34.html]
[templates.iqonic.design/streamit-dist/frontend/html/assets/images/tv-show/season/35.html]
[templates.iqonic.design/streamit-dist/frontend/html/assets/images/tv-show/season/36.html]
[templates.iqonic.design/streamit-dist/frontend/html/all-geners.html]
[templates.iqonic.design/streamit-dist/frontend/html/assets/images/genre/01.html]
[templates.iqonic.design/streamit-dist/frontend/html/assets/images/genre/02.html]
[templates.iqonic.design/streamit-dist/frontend/html/assets/images/genre/03.html]
[templates.iqonic.design/streamit-dist/frontend/html/assets/images/genre/04.html]
[templates.iqonic.design/streamit-dist/frontend/html/assets/images/genre/05.html]
[templates.iqonic.design/streamit-dist/frontend/html/assets/images/genre/06.html]
[templates.iqonic.design/streamit-dist/frontend/html/assets/images/genre/07.html]
[templates.iqonic.design/streamit-dist/frontend/html/assets/images/movies/recommended/01.html]
[templates.iqonic.design/streamit-dist/frontend/html/assets/images/movies/recommended/02.html]
[templates.iqonic.design/streamit-dist/frontend/html/assets/images/movies/recommended/03.html]
[templates.iqonic.design/streamit-dist/frontend/html/assets/images/movies/recommended/04.html]
[templates.iqonic.design/streamit-dist/frontend/html/assets/images/movies/recommended/05.html]
[templates.iqonic.design/streamit-dist/frontend/html/assets/images/movies/recommended/06.html]
[templates.iqonic.design/streamit-dist/frontend/html/assets/images/movies/recommended/07.html]
[templates.iqonic.design/streamit-dist/frontend/html/assets/images/movies/top-picks/01.html]
[templates.iqonic.design/streamit-dist/frontend/html/assets/images/movies/top-picks/02.html]
[templates.iqonic.design/streamit-dist/frontend/html/assets/images/movies/top-picks/03.html]
[templates.iqonic.design/streamit-dist/frontend/html/assets/images/movies/top-picks/04.html]
[templates.iqonic.design/streamit-dist/frontend/html/assets/images/movies/top-picks/05.html]
[templates.iqonic.design/streamit-dist/frontend/html/assets/images/movies/top-picks/06.html]
[templates.iqonic.design/streamit-dist/frontend/html/assets/images/movies/top-picks/07.html]
[templates.iqonic.design/streamit-dist/frontend/html/terms-of-use.html]
[templates.iqonic.design/streamit-dist/frontend/html/assets/images/footer/google-play.html]
[templates.iqonic.design/streamit-dist/frontend/html/assets/images/footer/apple.html]
[templates.iqonic.design/streamit-dist/frontend/html/assets/vendor/iconly/fonts/Iconly-light.svg]
[templates.iqonic.design/streamit-dist/frontend/html/assets/vendor/iconly/fonts/Iconly-Broken.svg]
[templates.iqonic.design/streamit-dist/frontend/html/assets/vendor/iconly/fonts/Iconly-Bold.svg]
[templates.iqonic.design/streamit-dist/frontend/html/assets/vendor/iconly/fonts/Iconly-bulk.svg]
[templates.iqonic.design/streamit-dist/frontend/html/assets/vendor/iconly/fonts/iconly.svg]
[templates.iqonic.design/streamit-dist/frontend/html/assets/images/pages/texure.html]
[templates.iqonic.design/streamit-dist/frontend/html/assets/images/movies/banner1.html]
[templates.iqonic.design/streamit-dist/frontend/html/assets/images/movies/banner2.html]
[templates.iqonic.design/streamit-dist/frontend/html/assets/images/movies/banner3.html]
[templates.iqonic.design/streamit-dist/frontend/html/assets/images/movies/upcoming/01.html]
[templates.iqonic.design/streamit-dist/frontend/html/assets/images/movies/upcoming/02.html]
[templates.iqonic.design/streamit-dist/frontend/html/assets/images/movies/upcoming/03.html]
[templates.iqonic.design/streamit-dist/frontend/html/assets/images/movies/upcoming/04.html]
[templates.iqonic.design/streamit-dist/frontend/html/assets/images/movies/upcoming/05.html]
[templates.iqonic.design/streamit-dist/frontend/html/assets/images/movies/upcoming/06.html]
[templates.iqonic.design/streamit-dist/frontend/html/assets/images/movies/upcoming/07.html]
[templates.iqonic.design/streamit-dist/frontend/html/assets/images/movies/latest/01.html]
[templates.iqonic.design/streamit-dist/frontend/html/assets/images/movies/latest/02.html]
[templates.iqonic.design/streamit-dist/frontend/html/assets/images/movies/latest/03.html]
[templates.iqonic.design/streamit-dist/frontend/html/assets/images/movies/latest/04.html]
[templates.iqonic.design/streamit-dist/frontend/html/assets/images/movies/latest/05.html]
[templates.iqonic.design/streamit-dist/frontend/html/assets/images/movies/latest/06.html]
[templates.iqonic.design/streamit-dist/frontend/html/assets/images/movies/latest/07.html]
[templates.iqonic.design/streamit-dist/frontend/html/assets/images/top-10/06.html]
[templates.iqonic.design/streamit-dist/frontend/html/assets/images/top-10/07.html]
[templates.iqonic.design/streamit-dist/frontend/html/assets/images/top-10/08.html]
[templates.iqonic.design/streamit-dist/frontend/html/assets/images/top-10/09.html]
[templates.iqonic.design/streamit-dist/frontend/html/assets/images/movies/suggested/01.html]
[templates.iqonic.design/streamit-dist/frontend/html/assets/images/movies/suggested/02.html]
[templates.iqonic.design/streamit-dist/frontend/html/assets/images/movies/suggested/03.html]
[templates.iqonic.design/streamit-dist/frontend/html/assets/images/movies/suggested/04.html]
[templates.iqonic.design/streamit-dist/frontend/html/assets/images/movies/suggested/05.html]
[templates.iqonic.design/streamit-dist/frontend/html/assets/images/movies/suggested/06.html]
[templates.iqonic.design/streamit-dist/frontend/html/assets/images/movies/suggested/07.html]
[templates.iqonic.design/streamit-dist/frontend/html/assets/images/parallax/parallex.html]
[templates.iqonic.design/streamit-dist/frontend/html/episode.html]
[templates.iqonic.design/streamit-dist/frontend/html/assets/images/tv-show/episodes/01.html]
[templates.iqonic.design/streamit-dist/frontend/html/assets/images/tv-show/episodes/02.html]
[templates.iqonic.design/streamit-dist/frontend/html/assets/images/tv-show/episodes/03.html]
[templates.iqonic.design/streamit-dist/frontend/html/assets/images/tv-show/episodes/04.html]
[templates.iqonic.design/streamit-dist/frontend/html/assets/images/tv-show/episodes/05.html]
[templates.iqonic.design/streamit-dist/frontend/html/assets/images/movies/movie-banner-1.html]
[templates.iqonic.design/streamit-dist/frontend/html/assets/images/movies/movie-banner-2.html]
[templates.iqonic.design/streamit-dist/frontend/html/assets/images/movies/movie-banner-3.html]
[templates.iqonic.design/streamit-dist/frontend/html/assets/images/tv-show/banner-1.html]
[templates.iqonic.design/streamit-dist/frontend/html/assets/images/tv-show/banner-2.html]
[templates.iqonic.design/streamit-dist/frontend/html/assets/images/tv-show/banner-3.html]
[templates.iqonic.design/streamit-dist/frontend/html/assets/images/video/banner-1.html]
[templates.iqonic.design/streamit-dist/frontend/html/assets/images/video/banner-2.html]
[templates.iqonic.design/streamit-dist/frontend/html/assets/images/video/banner-3.html]
[templates.iqonic.design/streamit-dist/frontend/html/assets/vendor/sweetalert2/sweetalert2.min.css]
[templates.iqonic.design/streamit-dist/frontend/html/assets/images/shop/product/02.html]
[templates.iqonic.design/streamit-dist/frontend/html/assets/images/shop/product/04.html]
[templates.iqonic.design/streamit-dist/frontend/html/assets/images/shop/product/05.html]
[templates.iqonic.design/streamit-dist/frontend/html/shop/product-detail.html]
[templates.iqonic.design/streamit-dist/frontend/html/assets/images/shop/slider-01.html]
[templates.iqonic.design/streamit-dist/frontend/html/assets/images/shop/slider-02.html]
[templates.iqonic.design/streamit-dist/frontend/html/assets/images/shop/slider-03.html]
[templates.iqonic.design/streamit-dist/frontend/html/assets/images/shop/categories/01.html]
[templates.iqonic.design/streamit-dist/frontend/html/shop-category.html]
[templates.iqonic.design/streamit-dist/frontend/html/assets/images/shop/categories/02.html]
[templates.iqonic.design/streamit-dist/frontend/html/assets/images/shop/categories/03.html]
[templates.iqonic.design/streamit-dist/frontend/html/assets/images/shop/categories/04.html]
[templates.iqonic.design/streamit-dist/frontend/html/assets/images/shop/categories/05.html]
[templates.iqonic.design/streamit-dist/frontend/html/assets/images/shop/categories/06.html]
[templates.iqonic.design/streamit-dist/frontend/html/assets/images/shop/categories/07.html]
[templates.iqonic.design/streamit-dist/frontend/html/assets/images/shop/categories/08.html]
[templates.iqonic.design/streamit-dist/frontend/html/assets/images/shop/categories/09.html]
[templates.iqonic.design/streamit-dist/frontend/html/assets/images/shop/categories/11.html]
[templates.iqonic.design/streamit-dist/frontend/html/assets/images/shop/categories/12.html]
[templates.iqonic.design/streamit-dist/frontend/html/assets/images/shop/categories/14.html]
[templates.iqonic.design/streamit-dist/frontend/html/assets/images/shop/categories/15.html]
[templates.iqonic.design/streamit-dist/frontend/html/assets/images/shop/card/01.html]
[templates.iqonic.design/streamit-dist/frontend/html/{{path}}shop/shop.html]
[templates.iqonic.design/streamit-dist/frontend/html/assets/images/shop/card/02.html]
[templates.iqonic.design/streamit-dist/frontend/html/assets/images/shop/card/03.html]
[templates.iqonic.design/streamit-dist/frontend/html/assets/images/shop/card/04.html]
[templates.iqonic.design/streamit-dist/frontend/html/assets/images/shop/card/05.html]
[templates.iqonic.design/streamit-dist/frontend/html/shop/view-all-product.html]
[templates.iqonic.design/streamit-dist/frontend/html/assets/images/shop/product/01.html]
[templates.iqonic.design/streamit-dist/frontend/html/assets/images/shop/product/03.html]
[templates.iqonic.design/streamit-dist/frontend/html/assets/images/shop/product/06.html]
[templates.iqonic.design/streamit-dist/frontend/html/assets/images/shop/card/capton-america.html]
[templates.iqonic.design/streamit-dist/frontend/html/assets/images/shop/card/deadpool.html]
[templates.iqonic.design/streamit-dist/frontend/html/assets/images/shop/card/bg-img.html]
[templates.iqonic.design/streamit-dist/frontend/html/assets/images/shop/card/multipal.html]
[templates.iqonic.design/streamit-dist/frontend/html/assets/images/shop/card/location.html]
[templates.iqonic.design/streamit-dist/frontend/html/assets/images/footer/01.html]
[templates.iqonic.design/streamit-dist/frontend/html/assets/images/footer/02.html]
[templates.iqonic.design/streamit-dist/frontend/html/assets/images/footer/03.html]
[templates.iqonic.design/streamit-dist/frontend/html/assets/images/footer/04.html]
[templates.iqonic.design/streamit-dist/frontend/html/assets/vendor/video/video-js.css]
[templates.iqonic.design/streamit-dist/frontend/html/assets/images/genre/g1.html]
[templates.iqonic.design/streamit-dist/frontend/html/assets/images/genre/g2.html]
[templates.iqonic.design/streamit-dist/frontend/html/assets/images/genre/g3.html]
[templates.iqonic.design/streamit-dist/frontend/html/assets/images/genre/g5.html]
[templates.iqonic.design/streamit-dist/frontend/html/assets/images/genre/g4.html]
[templates.iqonic.design/streamit-dist/frontend/html/MY_VIDEO.html]
[templates.iqonic.design/streamit-dist/frontend/html/assets/images/pages/profile.html]
[templates.iqonic.design/streamit-dist/frontend/html/watchlist-detail.html]
[templates.iqonic.design/streamit-dist/frontend/html/assets/images/movies/playlist/01.html]
[templates.iqonic.design/streamit-dist/frontend/html/assets/images/movies/playlist/02.html]
[templates.iqonic.design/streamit-dist/frontend/html/assets/images/movies/playlist/03.html]
[templates.iqonic.design/streamit-dist/frontend/html/assets/images/movies/playlist/04.html]
[templates.iqonic.design/streamit-dist/frontend/html/assets/images/movies/playlist/05.html]
[templates.iqonic.design/streamit-dist/frontend/html/assets/images/movies/playlist/06.html]
[templates.iqonic.design/streamit-dist/frontend/html/assets/images/movies/playlist/07.html]
[templates.iqonic.design/streamit-dist/frontend/html/assets/images/pages/01.html]
[templates.iqonic.design/streamit-dist/frontend/html/assets/images/pages/team1.html]
[templates.iqonic.design/streamit-dist/frontend/html/assets/images/pages/team2.html]
[templates.iqonic.design/streamit-dist/frontend/html/assets/images/pages/team3.html]
[templates.iqonic.design/streamit-dist/frontend/html/assets/images/pages/team4.html]
[templates.iqonic.design/streamit-dist/frontend/html/assets/images/pages/map.html]
[templates.iqonic.design/streamit-dist/frontend/html/assets/images/pages/box-pattern.html]
[templates.iqonic.design/streamit-dist/frontend/html/assets/images/pages/coming-soon.html]
[templates.iqonic.design/streamit-dist/frontend/html/assets/images/pages/404.html]
[templates.iqonic.design/streamit-dist/frontend/html/assets/images/pages/404-bg-patten.html]
[templates.iqonic.design/streamit-dist/frontend/html/assets/images/pages/404-two.html]
[templates.iqonic.design/streamit-dist/frontend/html/assets/images/pages/404-text.html]
[templates.iqonic.design/streamit-dist/frontend/html/assets/images/blog/blog1.html]
[templates.iqonic.design/streamit-dist/frontend/html/blog/blog-date.html]
[templates.iqonic.design/streamit-dist/frontend/html/blog/blog-tag.html]
[templates.iqonic.design/streamit-dist/frontend/html/blog/blog-category.html]
[templates.iqonic.design/streamit-dist/frontend/html/assets/images/blog/blog2.html]
[templates.iqonic.design/streamit-dist/frontend/html/assets/images/blog/blog3.html]
[templates.iqonic.design/streamit-dist/frontend/html/assets/images/blog/blog4.html]
[templates.iqonic.design/streamit-dist/frontend/html/assets/images/blog/blog5.html]
[templates.iqonic.design/streamit-dist/frontend/html/assets/images/blog/blog6.html]
[templates.iqonic.design/streamit-dist/frontend/html/assets/images/blog/blog7.html]
[templates.iqonic.design/streamit-dist/frontend/html/assets/images/blog/01.html]
[templates.iqonic.design/streamit-dist/frontend/html/assets/images/blog/blog8.html]
[templates.iqonic.design/streamit-dist/frontend/html/assets/images/blog/blog9.html]
[templates.iqonic.design/streamit-dist/frontend/html/assets/images/blog/blog10.html]
[templates.iqonic.design/streamit-dist/frontend/html/assets/images/blog/blog11.html]
[templates.iqonic.design/streamit-dist/frontend/html/assets/images/blog/blog12.html]
[templates.iqonic.design/streamit-dist/frontend/html/blog/blog-author.html]
[templates.iqonic.design/streamit-dist/frontend/html/assets/images/pages/bg-rectangle.html]
[templates.iqonic.design/streamit-dist/frontend/html/assets/images/blog/Fantacy.html]
[templates.iqonic.design/streamit-dist/frontend/html/assets/vendor/noUiSilder/style/nouislider.min.css]
[templates.iqonic.design/streamit-dist/frontend/html/shop/view-all-movie.html]
[templates.iqonic.design/streamit-dist/frontend/html/shop/pricing-plan.html]
[templates.iqonic.design/streamit-dist/frontend/html/assets/images/shop/product/30.html]
[templates.iqonic.design/streamit-dist/frontend/html/assets/images/shop/product/07.html]
[templates.iqonic.design/streamit-dist/frontend/html/shop/shop/product-detail.html]
[templates.iqonic.design/streamit-dist/frontend/html/assets/images/shop/product/08.html]
[templates.iqonic.design/streamit-dist/frontend/html/assets/images/shop/product/09.html]
[templates.iqonic.design/streamit-dist/frontend/html/assets/images/shop/product/10.html]
[templates.iqonic.design/streamit-dist/frontend/html/assets/images/shop/product/11.html]
[templates.iqonic.design/streamit-dist/frontend/html/assets/images/shop/product/12.html]
[templates.iqonic.design/streamit-dist/frontend/html/reset-password.html]
[templates.iqonic.design/streamit-dist/frontend/html/register.html]
[templates.iqonic.design/streamit-dist/frontend/html/assets/images/tv-show/episodes/main-banner.html]
[templates.iqonic.design/streamit-dist/frontend/html/assets/images/shop/avatar.html]
